========================================================================================================================
Layer (type:depth-idx)                   Kernel Shape         Output Shape         Param #              Mult-Adds
========================================================================================================================
├─Embedding: 1-1                         [300, 20]            [1, 100, 300]        6,000                6,000
├─LSTM: 1-2                              --                   [1, 100, 512]        3,768,320            376,012,800
|    └─weight_ih_l0                      [2048, 300]
|    └─weight_hh_l0                      [2048, 512]
|    └─weight_ih_l1                      [2048, 512]
|    └─weight_hh_l1                      [2048, 512]
├─Linear: 1-3                            [512, 20]            [1, 100, 20]         10,260               10,240
========================================================================================================================
Total params: 3,784,580
Trainable params: 3,784,580
Non-trainable params: 0
Total mult-adds (M): 376.03
========================================================================================================================
Input size (MB): 0.00
Forward/backward pass size (MB): 0.67
Params size (MB): 15.14
Estimated Total Size (MB): 15.80
========================================================================================================================
