============================================================================================================================================
Layer (type:depth-idx)                   Kernel Shape         Input Shape          Output Shape         Param #              Mult-Adds
============================================================================================================================================
├─Conv2d: 1-1                            [1, 10, 5, 5]        [7, 1, 28, 28]       [7, 10, 24, 24]      260                  1,008,000
├─Conv2d: 1-2                            [10, 20, 5, 5]       [7, 10, 12, 12]      [7, 20, 8, 8]        5,020                2,240,000
├─Dropout2d: 1-3                         --                   [7, 20, 8, 8]        [7, 20, 8, 8]        --                   --
├─Linear: 1-4                            [320, 50]            [7, 320]             [7, 50]              16,050               112,000
├─Linear: 1-5                            [50, 10]             [7, 50]              [7, 10]              510                  3,500
============================================================================================================================================
Total params: 21,840
Trainable params: 21,840
Non-trainable params: 0
Total mult-adds (M): 3.36
============================================================================================================================================
Input size (MB): 0.02
Forward/backward pass size (MB): 0.40
Params size (MB): 0.09
Estimated Total Size (MB): 0.51
============================================================================================================================================
